[2018-04-28 21:47:32] SiteVisit.INFO: Unicorn (Nordsvensk travhörning) access [] []
[2018-04-28 21:48:05] SiteVisit.INFO: Unicorn (Indisk enhörning) access [] []
[2018-04-28 21:48:06] SiteVisit.INFO: Unicorn (Nattaktiv hornlöpare) access [] []
[2018-04-28 21:51:50] SiteVisit.INFO: Unicorn (Nattaktiv hornlöpare) access [] []
[2018-04-28 21:52:13] SiteVisit.INFO: Unicorn (Nattaktiv hornlöpare) access [] []
[2018-04-28 21:52:16] SiteVisit.INFO: Unicorn (Transsylvansk kortsvans) access [] []
